
> toca-tocar@0.1.0-beta build
> prisma generate && prisma db push --accept-data-loss && next build

Environment variables loaded from .env
Prisma schema loaded from prisma\schema.prisma
node.exe : Error: 
En línea: 1 Carácter: 1
+ & "C:\Program 
Files\nodejs/node.exe" 
"C:\Program 
Files\nodejs/node_mo ...
+ ~~~~~~~~~~~~~~~~~~~~~~~
~~~~~~~~~~~~~~~~~~~~~~~~~
~~~~~~~~~~~~~~~~~~~~~
    + CategoryInfo       
       : NotSpecified:   
  (Error: :String) [],   
  RemoteException
    + FullyQualifiedErro 
   rId : NativeCommandE  
  rror
 
EPERM: operation not 
permitted, unlink 'C:\Use
rs\kavay\.gemini\antigrav
ity\playground\toca-tocar
\node_modules\.prisma\cli
ent\query_engine-windows.
dll.node'


